t:s2:s4:
0.00000000000000000E+00	4.00000000000000000E+00	0.00000000000000000E+00
1.00000000000000008E-05	3.99998000095349759E+00	0.00000000000000000E+00
1.00000000000000005E-04	3.99980008070643711E+00	0.00000000000000000E+00
1.00000000000000002E-03	3.99800797408532871E+00	0.00000000000000000E+00
1.00000000000000002E-02	3.98077784306128457E+00	0.00000000000000000E+00
1.00000000000000006E-01	3.86170998966032331E+00	0.00000000000000000E+00
5.00000000000000000E-01	3.74758417187014503E+00	0.00000000000000000E+00
1.00000000000000000E+00	3.74179783773998942E+00	0.00000000000000000E+00
