# nfsim generated species list for system: 'nameless'
# warning! this feature is not yet fully tested! 
MT0(AAA~c0,AAB~0)  532
MT1(AAA~c0,AAB~0)  973
MT2(AAA~c0,AAB~0)  1134
